Generating: gp-jan-participant
[1/1] Racing badge emblem, ice blue frame, snowflake with small race flag, January GP participant theme, square medal, transparent background, no text

Wrote: gp-jan-participant/index.html
Generating: gp-jan-bronze
[1/1] Racing badge emblem, bronze frame with ice crystals, snowflake behind bronze podium P3, January GP third place theme, square medal, transparent background, no text

Wrote: gp-jan-bronze/index.html
Generating: gp-jan-silver
[1/1] Racing badge emblem, silver frame with frost pattern, icy trophy silver P2 podium, January GP second place theme, square medal, transparent background, no text

Wrote: gp-jan-silver/index.html
Generating: gp-jan-gold
[1/1] Racing badge emblem, gold frame with diamond ice, golden crown on frozen trophy P1 champion, January GP winner theme, square medal, transparent background, no text

Wrote: gp-jan-gold/index.html
Generating: gp-feb-participant
[1/1] Racing badge emblem, pink frame, heart with small race flag, February GP participant theme, square medal, transparent background, no text

Wrote: gp-feb-participant/index.html
Generating: gp-feb-bronze
[1/1] Racing badge emblem, bronze frame with hearts, cupid arrow behind bronze podium P3, February GP third place theme, square medal, transparent background, no text

Wrote: gp-feb-bronze/index.html
Generating: gp-feb-silver
[1/1] Racing badge emblem, silver frame with roses, heart trophy silver P2 podium, February GP second place theme, square medal, transparent background, no text

Wrote: gp-feb-silver/index.html
Generating: gp-feb-gold
[1/1] Racing badge emblem, gold frame with red hearts, golden heart crown trophy P1 champion, February GP winner theme, square medal, transparent background, no text

Wrote: gp-feb-gold/index.html
Generating: gp-mar-participant
[1/1] Racing badge emblem, green frame, shamrock with small race flag, March GP participant theme, square medal, transparent background, no text

Wrote: gp-mar-participant/index.html
Generating: gp-mar-bronze
[1/1] Racing badge emblem, bronze frame with clovers, lucky charm behind bronze podium P3, March GP third place theme, square medal, transparent background, no text

Wrote: gp-mar-bronze/index.html
Generating: gp-mar-silver
[1/1] Racing badge emblem, silver frame with emeralds, pot of gold silver P2 podium, March GP second place theme, square medal, transparent background, no text

Wrote: gp-mar-silver/index.html
Generating: gp-mar-gold
[1/1] Racing badge emblem, gold frame with four-leaf clovers, rainbow golden trophy P1 champion, March GP winner theme, square medal, transparent background, no text

Wrote: gp-mar-gold/index.html
Generating: gp-apr-participant
[1/1] Racing badge emblem, blue frame, rain cloud with small race flag, April GP participant theme, square medal, transparent background, no text

Wrote: gp-apr-participant/index.html
Generating: gp-apr-bronze
[1/1] Racing badge emblem, bronze frame with raindrops, umbrella behind bronze podium P3, April GP third place theme, square medal, transparent background, no text

Wrote: gp-apr-bronze/index.html
Generating: gp-apr-silver
[1/1] Racing badge emblem, silver frame with lightning, storm trophy silver P2 podium, April GP second place theme, square medal, transparent background, no text

Wrote: gp-apr-silver/index.html
Generating: gp-apr-gold
[1/1] Racing badge emblem, gold frame with rainbow, golden sun breaking clouds P1 champion, April GP winner theme, square medal, transparent background, no text

Wrote: gp-apr-gold/index.html
Generating: gp-may-participant
[1/1] Racing badge emblem, pink frame, cherry blossom with small race flag, May GP participant theme, square medal, transparent background, no text

Wrote: gp-may-participant/index.html
Generating: gp-may-bronze
[1/1] Racing badge emblem, bronze frame with flowers, tulip behind bronze podium P3, May GP third place theme, square medal, transparent background, no text

Wrote: gp-may-bronze/index.html
Generating: gp-may-silver
[1/1] Racing badge emblem, silver frame with petals, flower crown silver P2 podium, May GP second place theme, square medal, transparent background, no text

Wrote: gp-may-silver/index.html
Generating: gp-may-gold
[1/1] Racing badge emblem, gold frame with blossoms, golden butterfly trophy P1 champion, May GP winner theme, square medal, transparent background, no text

Wrote: gp-may-gold/index.html
Generating: gp-jun-participant
[1/1] Racing badge emblem, orange frame, sun with small race flag, June GP participant theme, square medal, transparent background, no text

Wrote: gp-jun-participant/index.html
Generating: gp-jun-bronze
[1/1] Racing badge emblem, bronze frame with sun rays, sunglasses behind bronze podium P3, June GP third place theme, square medal, transparent background, no text

Wrote: gp-jun-bronze/index.html
Generating: gp-jun-silver
[1/1] Racing badge emblem, silver frame with heat waves, summer trophy silver P2 podium, June GP second place theme, square medal, transparent background, no text

Wrote: gp-jun-silver/index.html
Generating: gp-jun-gold
